#
# There is insufficient memory for the Java Runtime Environment to continue.
# Native memory allocation (mmap) failed to map 266338304 bytes. Error detail: G1 virtual space
# Possible reasons:
#   The system is out of physical RAM or swap space
#   This process is running with CompressedOops enabled, and the Java Heap may be blocking the growth of the native heap
# Possible solutions:
#   Reduce memory load on the system
#   Increase physical memory or swap space
#   Check if swap backing store is full
#   Decrease Java heap size (-Xmx/-Xms)
#   Decrease number of Java threads
#   Decrease Java thread stack sizes (-Xss)
#   Set larger code cache with -XX:ReservedCodeCacheSize=
#   JVM is running with Zero Based Compressed Oops mode in which the Java heap is
#     placed in the first 32GB address space. The Java Heap base address is the
#     maximum limit for the native heap growth. Please use -XX:HeapBaseMinAddress
#     to set the Java Heap base and to place the Java Heap above 32GB virtual address.
# This output file may be truncated or incomplete.
#
#  Out of Memory Error (os_windows.cpp:3828), pid=59744, tid=83480
#
# JRE version:  (21.0.4+13) (build )
# Java VM: OpenJDK 64-Bit Server VM (21.0.4+13-b509.17, mixed mode, sharing, tiered, compressed oops, compressed class ptrs, g1 gc, windows-amd64)
# No core dump will be written. Minidumps are not enabled by default on client versions of Windows
#

---------------  S U M M A R Y ------------

Command Line: git4idea.http.GitAskPassApp Username for 'https://github.com': 

Host: Intel(R) Core(TM) i5-10500 CPU @ 3.10GHz, 12 cores, 15G,  Windows 11 , 64 bit Build 22621 (10.0.22621.2506)
Time: Wed Nov 12 08:47:01 2025  Windows 11 , 64 bit Build 22621 (10.0.22621.2506) elapsed time: 0.025070 seconds (0d 0h 0m 0s)

---------------  T H R E A D  ---------------

Current thread (0x000001bf49949320):  JavaThread "Unknown thread" [_thread_in_vm, id=83480, stack(0x00000086e3d00000,0x00000086e3e00000) (1024K)]

Stack: [0x00000086e3d00000,0x00000086e3e00000]
Native frames: (J=compiled Java code, j=interpreted, Vv=VM code, C=native code)
V  [jvm.dll+0x6e36d9]
V  [jvm.dll+0x8c0bd3]
V  [jvm.dll+0x8c312e]
V  [jvm.dll+0x8c3813]
V  [jvm.dll+0x288256]
V  [jvm.dll+0x6dfe65]
V  [jvm.dll+0x6d433a]
V  [jvm.dll+0x36209b]
V  [jvm.dll+0x369c46]
V  [jvm.dll+0x3bbd76]
V  [jvm.dll+0x3bc048]
V  [jvm.dll+0x33485c]
V  [jvm.dll+0x33554b]
V  [jvm.dll+0x888039]
V  [jvm.dll+0x3c8ea8]
V  [jvm.dll+0x8711d8]
V  [jvm.dll+0x45d85e]
V  [jvm.dll+0x45f541]
C  [jli.dll+0x52ab]
C  [ucrtbase.dll+0x29363]
C  [KERNEL32.DLL+0x1257d]
C  [ntdll.dll+0x5aa58]


---------------  P R O C E S S  ---------------

Threads class SMR info:
_java_thread_list=0x00007fff15b82108, length=0, elements={
}

Java Threads: ( => current thread )
Total: 0

Other Threads:
  0x000001bf4bc39f50 WorkerThread "GC Thread#0"                     [id=28068, stack(0x00000086e3e00000,0x00000086e3f00000) (1024K)]
  0x000001bf4bc4bd00 ConcurrentGCThread "G1 Main Marker"            [id=74536, stack(0x00000086e3f00000,0x00000086e4000000) (1024K)]
  0x000001bf4bc4c9b0 WorkerThread "G1 Conc#0"                       [id=81000, stack(0x00000086e4000000,0x00000086e4100000) (1024K)]

[error occurred during error reporting (printing all threads), id 0xc0000005, EXCEPTION_ACCESS_VIOLATION (0xc0000005) at pc=0x00007fff15277917]
VM state: not at safepoint (not fully initialized)

VM Mutex/Monitor currently owned by a thread:  ([mutex/lock_event])
[0x00007fff15bf6a48] Heap_lock - owner thread: 0x000001bf49949320

Heap address: 0x0000000702400000, size: 4060 MB, Compressed Oops mode: Zero based, Oop shift amount: 3

CDS archive(s) mapped at: [0x0000000000000000-0x0000000000000000-0x0000000000000000), size 0, SharedBaseAddress: 0x0000000800000000, ArchiveRelocationMode: 1.
Narrow klass base: 0x0000000000000000, Narrow klass shift: 0, Narrow klass range: 0x0

GC Precious Log:
 CardTable entry size: 512
 Card Set container configuration: InlinePtr #cards 4 size 8 Array Of Cards #cards 16 size 48 Howl #buckets 8 coarsen threshold 3686 Howl Bitmap #cards 512 size 80 coarsen threshold 460 Card regions per heap region 1 cards per card region 4096

Heap:
 garbage-first heap   total 0K, used 0K [0x0000000702400000, 0x0000000800000000)
  region size 2048K, 0 young (0K), 0 survivors (0K)
 Metaspace       used 0K, committed 0K, reserved 0K
  class space    used 0K, committed 0K, reserved 0K

Heap Regions: E=young(eden), S=young(survivor), O=old, HS=humongous(starts), HC=humongous(continues), CS=collection set, F=free, TAMS=top-at-mark-start, PB=parsable bottom

Card table byte_map: [0x000001bf5f820000,0x000001bf60010000] _byte_map_base: 0x000001bf5c00e000

Marking Bits: (CMBitMap*) 0x000001bf4bc3a650
 Bits: [0x000001bf60010000, 0x000001bf63f80000)

GC Heap History (0 events):
No events

Dll operation events (1 events):
Event: 0.011 Loaded shared library D:\Program Files\JetBrains\GoLand 2024.2.3\jbr\bin\java.dll

Deoptimization events (0 events):
No events

Classes loaded (0 events):
No events

Classes unloaded (0 events):
No events

Classes redefined (0 events):
No events

Internal exceptions (0 events):
No events

ZGC Phase Switch (0 events):
No events

VM Operations (0 events):
No events

Memory protections (0 events):
No events

Nmethod flushes (0 events):
No events

Events (0 events):
No events


Dynamic libraries:
0x00007ff7435f0000 - 0x00007ff7435fa000 	D:\Program Files\JetBrains\GoLand 2024.2.3\jbr\bin\java.exe
0x00007fff97f30000 - 0x00007fff98147000 	C:\Windows\SYSTEM32\ntdll.dll
0x00007fff97e20000 - 0x00007fff97ee4000 	C:\Windows\System32\KERNEL32.DLL
0x00007fff95860000 - 0x00007fff95c06000 	C:\Windows\System32\KERNELBASE.dll
0x00007fff4fb80000 - 0x00007fff4fba4000 	C:\Windows\System32\ghijt64win10.dll
0x00007fff97d60000 - 0x00007fff97e11000 	C:\Windows\System32\ADVAPI32.dll
0x00007fff96670000 - 0x00007fff96717000 	C:\Windows\System32\msvcrt.dll
0x00007fff97070000 - 0x00007fff97115000 	C:\Windows\System32\sechost.dll
0x00007fff977f0000 - 0x00007fff97907000 	C:\Windows\System32\RPCRT4.dll
0x00007fff95710000 - 0x00007fff95821000 	C:\Windows\System32\ucrtbase.dll
0x00007fff85da0000 - 0x00007fff85dbb000 	D:\Program Files\JetBrains\GoLand 2024.2.3\jbr\bin\VCRUNTIME140.dll
0x00007fff764d0000 - 0x00007fff764e8000 	D:\Program Files\JetBrains\GoLand 2024.2.3\jbr\bin\jli.dll
0x00007fff96720000 - 0x00007fff968ce000 	C:\Windows\System32\USER32.dll
0x00007fff95830000 - 0x00007fff95856000 	C:\Windows\System32\win32u.dll
0x00007fff97040000 - 0x00007fff97069000 	C:\Windows\System32\GDI32.dll
0x00007fff7b550000 - 0x00007fff7b7e3000 	C:\Windows\WinSxS\amd64_microsoft.windows.common-controls_6595b64144ccf1df_6.0.22621.2506_none_270c5ae97388e100\COMCTL32.dll
0x00007fff95530000 - 0x00007fff95648000 	C:\Windows\System32\gdi32full.dll
0x00007fff95490000 - 0x00007fff9552a000 	C:\Windows\System32\msvcp_win.dll
0x00007fff96630000 - 0x00007fff96661000 	C:\Windows\System32\IMM32.DLL
0x00007fff85d90000 - 0x00007fff85d9c000 	D:\Program Files\JetBrains\GoLand 2024.2.3\jbr\bin\vcruntime140_1.dll
0x00007fff5f980000 - 0x00007fff5fa0d000 	D:\Program Files\JetBrains\GoLand 2024.2.3\jbr\bin\msvcp140.dll
0x00007fff14f30000 - 0x00007fff15ce7000 	D:\Program Files\JetBrains\GoLand 2024.2.3\jbr\bin\server\jvm.dll
0x00007fff97cd0000 - 0x00007fff97d41000 	C:\Windows\System32\WS2_32.dll
0x00007fff8ec70000 - 0x00007fff8ec7a000 	C:\Windows\SYSTEM32\VERSION.dll
0x00007fff84d30000 - 0x00007fff84d64000 	C:\Windows\SYSTEM32\WINMM.dll
0x00007fff94fc0000 - 0x00007fff9500d000 	C:\Windows\SYSTEM32\POWRPROF.dll
0x00007fff94fa0000 - 0x00007fff94fb3000 	C:\Windows\SYSTEM32\UMPDC.dll
0x00007fff94200000 - 0x00007fff94218000 	C:\Windows\SYSTEM32\kernel.appcore.dll
0x00007fff85d80000 - 0x00007fff85d8a000 	D:\Program Files\JetBrains\GoLand 2024.2.3\jbr\bin\jimage.dll
0x00007fff92a50000 - 0x00007fff92c83000 	C:\Windows\SYSTEM32\DBGHELP.DLL
0x00007fff97240000 - 0x00007fff975c9000 	C:\Windows\System32\combase.dll
0x00007fff97a50000 - 0x00007fff97b27000 	C:\Windows\System32\OLEAUT32.dll
0x00007fff6dd00000 - 0x00007fff6dd32000 	C:\Windows\SYSTEM32\dbgcore.DLL
0x00007fff952a0000 - 0x00007fff9531a000 	C:\Windows\System32\bcryptPrimitives.dll
0x00007fff76dd0000 - 0x00007fff76def000 	D:\Program Files\JetBrains\GoLand 2024.2.3\jbr\bin\java.dll

dbghelp: loaded successfully - version: 4.0.5 - missing functions: none
symbol engine: initialized successfully - sym options: 0x614 - pdb path: .;D:\Program Files\JetBrains\GoLand 2024.2.3\jbr\bin;C:\Windows\SYSTEM32;C:\Windows\WinSxS\amd64_microsoft.windows.common-controls_6595b64144ccf1df_6.0.22621.2506_none_270c5ae97388e100;D:\Program Files\JetBrains\GoLand 2024.2.3\jbr\bin\server

VM Arguments:
java_command: git4idea.http.GitAskPassApp Username for 'https://github.com': 
java_class_path (initial): D:/Program Files/JetBrains/GoLand 2024.2.3/plugins/vcs-git/lib/git4idea-rt.jar;D:/Program Files/JetBrains/GoLand 2024.2.3/lib/externalProcess-rt.jar
Launcher Type: SUN_STANDARD

[Global flags]
     intx CICompilerCount                          = 4                                         {product} {ergonomic}
     uint ConcGCThreads                            = 3                                         {product} {ergonomic}
     uint G1ConcRefinementThreads                  = 10                                        {product} {ergonomic}
   size_t G1HeapRegionSize                         = 2097152                                   {product} {ergonomic}
    uintx GCDrainStackTargetSize                   = 64                                        {product} {ergonomic}
   size_t InitialHeapSize                          = 266338304                                 {product} {ergonomic}
   size_t MarkStackSize                            = 4194304                                   {product} {ergonomic}
   size_t MaxHeapSize                              = 4257218560                                {product} {ergonomic}
   size_t MinHeapDeltaBytes                        = 2097152                                   {product} {ergonomic}
   size_t MinHeapSize                              = 8388608                                   {product} {ergonomic}
    uintx NonNMethodCodeHeapSize                   = 5839372                                {pd product} {ergonomic}
    uintx NonProfiledCodeHeapSize                  = 122909434                              {pd product} {ergonomic}
    uintx ProfiledCodeHeapSize                     = 122909434                              {pd product} {ergonomic}
    uintx ReservedCodeCacheSize                    = 251658240                              {pd product} {ergonomic}
     bool SegmentedCodeCache                       = true                                      {product} {ergonomic}
   size_t SoftMaxHeapSize                          = 4257218560                             {manageable} {ergonomic}
     bool UseCompressedOops                        = true                           {product lp64_product} {ergonomic}
     bool UseG1GC                                  = true                                      {product} {ergonomic}
     bool UseLargePagesIndividualAllocation        = false                                  {pd product} {ergonomic}

Logging:
Log output configuration:
 #0: stdout all=warning uptime,level,tags foldmultilines=false
 #1: stderr all=off uptime,level,tags foldmultilines=false

Environment Variables:
JAVA_HOME=D:\jdk\jdk17
PATH=C:\Program Files\Git\mingw64\libexec\git-core;C:\Program Files\Git\mingw64\libexec\git-core;C:\Program Files\Git\mingw64\bin;C:\Program Files\Git\usr\bin;C:\Users\shuchen\bin;C:\Program Files\Eclipse Foundation\jdk-8.0.302.8-hotspot\bin;D:\python\Scripts;D:\python;C:\Users\shuchen\AppData\Local\Programs\cursor\resources\app\bin;D:\Program Files (x86)\VMware\VMware Workstation\bin;C:\Program Files\Common Files\Oracle\Java\javapath;C:\Windows\system32;C:\Windows;C:\Windows\System32\Wbem;C:\Windows\System32\WindowsPowerShell\v1.0;C:\Windows\System32\OpenSSH;C:\Program Files\Git\cmd;D:\Program Files\mysql\mysql-8.0.31-winx64\bin;D:\Program Files\MATLAB\R2023b\bin;D:\Program Files (x86)\Tencent\微信web开发者工具\dll;C:\Program Files\Microsoft SQL Server\150\Tools\Binn;C:\Program Files\Microsoft SQL Server\Client SDK\ODBC\170\Tools\Binn;C:\Program Files\dotnet;D:\sqlite;D:\file\apache-maven-3.6.1\bin;D:\Program Files\MiKTeX\miktex\bin\x64;D:\Program Files\MiKTeX\miktex\bin\x64;D:\jdk\j;C:\Users\shuchen\AppData\Local\Programs\cursor\resources\app\bin;C:\Users\shuchen\sdk\go1.23.2\bin;C:\Users\shuchen\AppData\Local\Programs\Python\Python39-32;C:\Users\shuchen\AppData\Local\Programs\Python\Python312\Scripts;D:\Program Files\nodejs;C:\Program Files (x86)\Go\bin;C:\Program Files (x86)\Microsoft\Edge\Application;D:\Program Files (x86)\Tencent\???web?????????\dll;D:\Program Files\MiKTeX\miktex\b;C:\Users\shuchen\AppData\Local\Programs\cursor\resources\app\bin;D:\Programs\Microsoft VS Code\bin;C:\Users\shuchen\go\bin;D:\jdk\jdk17\bin;C:\Program Files\Go\bin;C:\Program Files\Microsoft SQL Server\130\Tools\Binn;C:\Program Files (x86)\Microsoft\Edge\Application;C:\Users\shuchen\AppData\Local\Programs\cursor\resources\app\bin;D:\Program Files (x86)\VMware\VMware Workstation\bin;D:\Program Files\Daheng Imaging\GalaxySDK\GenICam\bin\Win64_x64;D:\Program Files\Daheng Imaging\GalaxySDK\APIDll\Win64;D:\Program Files\Daheng Imaging\GalaxySDK\GenICam\bin\Win32_i86;D:\Program Files\Daheng Imaging\GalaxySDK\APIDll\Win32;C:\Program Files\Common Files\Oracle\Java\javapath;C:\Windows\system32;C:\Windows;C:\Windows\System32\Wbem;C:\Windows\System32\WindowsPowerShell\v1.0;C:\Windows\System32\OpenSSH;C:\Program Files\Git\cmd;D:\Program Files\mysql\mysql-8.0.31-winx64\bin;D:\Program Files\MATLAB\R2023b\bin;D:\Program Files (x86)\Tencent\???web?????????\dll;D:\Program Files\MVTec\HALCON-18.11-Steady\bin\x64-win64;C:\Program Files\Microsoft SQL Server\150\Tools\Binn;C:\Program Files\Microsoft SQL Server\Client SDK\ODBC\170\Tools\Binn;C:\Program Files\dotnet;D:\sqlite;D:\file\apache-maven-3.6.1\bin;D:\Program Files\MiKTeX\miktex\b;C:\Users\shuchen\AppData\Local\Programs\cursor\resources\app\bin;D:\Programs\Microsoft VS Code\bin;C:\Users\shuchen\go\bin;D:\PyCharm 2025.1.3.1\bin;C:\Users\shuchen\.dotnet\tools
USERNAME=shuchen
DISPLAY=:0.0
LC_ALL=en_US.UTF-8
TERM=xterm-256color
TMPDIR=C:\Users\shuchen\AppData\Local\Temp
OS=Windows_NT
PROCESSOR_IDENTIFIER=Intel64 Family 6 Model 165 Stepping 3, GenuineIntel
TMP=C:\Users\shuchen\AppData\Local\Temp
TEMP=C:\Users\shuchen\AppData\Local\Temp




Periodic native trim disabled

JNI global refs:
JNI global refs: 0, weak refs: 0

JNI global refs memory usage: 0, weak refs: 0

Process memory usage:
Resident Set Size: 13220K (0% of 16623144K total physical memory with 736624K free physical memory)

OOME stack traces (most recent first):
Classloader memory used:

---------------  S Y S T E M  ---------------

OS:
 Windows 11 , 64 bit Build 22621 (10.0.22621.2506)
OS uptime: 12 days 18:36 hours
Hyper-V role detected

CPU: total 12 (initial active 12) (6 cores per cpu, 2 threads per core) family 6 model 165 stepping 3 microcode 0xe0, cx8, cmov, fxsr, ht, mmx, 3dnowpref, sse, sse2, sse3, ssse3, sse4.1, sse4.2, popcnt, lzcnt, tsc, tscinvbit, avx, avx2, aes, erms, clmul, bmi1, bmi2, adx, fma, vzeroupper, clflush, clflushopt, hv, rdtscp, f16c
Processor Information for all 12 processors :
  Max Mhz: 3101, Current Mhz: 3101, Mhz Limit: 3101

Memory: 4k page, system-wide physical 16233M (719M free)
TotalPageFile size 41833M (AvailPageFile size 227M)
current process WorkingSet (physical memory assigned to process): 12M, peak: 12M
current process commit charge ("private bytes"): 64M, peak: 318M

vm_info: OpenJDK 64-Bit Server VM (21.0.4+13-b509.17) for windows-amd64 JRE (21.0.4+13-b509.17), built on 2024-09-04 by "builduser" with MS VC++ 16.10 / 16.11 (VS2019)

END.
